__herdr-plugin
__sprites-broker
attach
auth
config validate
config-ssh
controller
cp
create
disk
doctor
egress
exec
forward
herdr
hibernate
hub
image
kernel install
log
ls
mcp
orca
pause
ps
reap
recover
resume
rm
run
sandbox
sandbox agent-upgrade
shell
sprites
ssh
start
stop
supervisor-upgrade
vault
version
volume
