__herdr-plugin
attach
auth
config validate
config-ssh
cp
create
disk
doctor
egress
exec
fork
forward
harvest
herdr
image
kernel install
log
ls
mcp
orca
pause
ps
reap
recover
restore
resume
rm
run
sandbox
sandbox agent-upgrade
shell
snapshot
ssh
start
stop
supervisor-backfill-netns-identity
supervisor-upgrade
version
volume
